Microchip MPLAB XC8 Compiler V2.31

Linker command line:

-W-3 --edf=/opt/microchip/xc8/v2.31/pic/dat/en_msgs.txt -cn \
  -h+dist/default/production/CollarMonitorizacion.X.production.sym \
  --cmf=dist/default/production/CollarMonitorizacion.X.production.cmf -z \
  -Q16F18326 -o/tmp/xcXEFOBjI --defsym=__MPLAB_BUILD=1 \
  -Mdist/default/production/CollarMonitorizacion.X.production.map -E1 \
  -ver=XC8 Compiler --acfsm=1493 -ASTACK=02122h-02685h -pstack=STACK \
  -ACODE=00h-07FFhx8 -ASTRCODE=00h-03FFFh -ASTRING=00h-0FFhx64 \
  -ACONST=00h-0FFhx64 -AENTRY=00h-0FFhx64 -ACOMMON=070h-07Fh \
  -ABANK0=020h-06Fh -ABANK1=0A0h-0EFh -ABANK2=0120h-016Fh \
  -ABANK3=01A0h-01EFh -ABANK4=0220h-026Fh -ABANK5=02A0h-02EFh \
  -ABANK6=0320h-036Fh -ABANK7=03A0h-03EFh -ABANK8=0420h-046Fh \
  -ABANK9=04A0h-04EFh -ABANK10=0520h-056Fh -ABANK11=05A0h-05EFh \
  -ABANK12=0620h-066Fh -ABANK13=06A0h-06EFh -ABANK14=0720h-076Fh \
  -ABANK15=07A0h-07EFh -ABANK16=0820h-086Fh -ABANK17=08A0h-08EFh \
  -ABANK18=0920h-096Fh -ABANK19=09A0h-09EFh -ABANK20=0A20h-0A6Fh \
  -ABANK21=0AA0h-0AEFh -ABANK22=0B20h-0B6Fh -ABANK23=0BA0h-0BEFh \
  -ABANK24=0C20h-0C6Fh -ABANK25=0CA0h-0CBFh -ABIGRAM=02000h-027EFh \
  -ARAM=020h-06Fh,0A0h-0EFh,0120h-016Fh,01A0h-01EFh,0220h-026Fh,02A0h-02EFh,0320h-036Fh,03A0h-03EFh,0420h-046Fh,04A0h-04EFh,0520h-056Fh,05A0h-05EFh,0620h-066Fh,06A0h-06EFh,0720h-076Fh,07A0h-07EFh,0820h-086Fh,08A0h-08EFh,0920h-096Fh,09A0h-09EFh,0A20h-0A6Fh,0AA0h-0AEFh,0B20h-0B6Fh,0BA0h-0BEFh,0C20h-0C6Fh,0CA0h-0CBFh \
  -AABS1=020h-07Fh,0A0h-0EFh,0120h-016Fh,01A0h-01EFh,0220h-026Fh,02A0h-02EFh,0320h-036Fh,03A0h-03EFh,0420h-046Fh,04A0h-04EFh,0520h-056Fh,05A0h-05EFh,0620h-066Fh,06A0h-06EFh,0720h-076Fh,07A0h-07EFh,0820h-086Fh,08A0h-08EFh,0920h-096Fh,09A0h-09EFh,0A20h-0A6Fh,0AA0h-0AEFh,0B20h-0B6Fh,0BA0h-0BEFh,0C20h-0C6Fh,0CA0h-0CBFh \
  -ASFR0=00h-01Fh -ASFR1=080h-09Fh -ASFR2=0100h-011Fh -ASFR3=0180h-019Fh \
  -ASFR4=0200h-021Fh -ASFR5=0280h-029Fh -ASFR6=0300h-031Fh \
  -ASFR7=0380h-039Fh -ASFR8=0400h-041Fh -ASFR9=0480h-049Fh \
  -ASFR10=0500h-051Fh -ASFR11=0580h-059Fh -ASFR12=0600h-061Fh \
  -ASFR13=0680h-069Fh -ASFR14=0700h-071Fh -ASFR15=0780h-079Fh \
  -ASFR16=0800h-081Fh -ASFR17=0880h-089Fh -ASFR18=0900h-091Fh \
  -ASFR19=0980h-099Fh -ASFR20=0A00h-0A1Fh -ASFR21=0A80h-0A9Fh \
  -ASFR22=0B00h-0B1Fh -ASFR23=0B80h-0B9Fh -ASFR24=0C00h-0C1Fh \
  -ASFR25=0C80h-0C9Fh -ASFR26=0D00h-0D6Fh -ASFR27=0D80h-0DEFh \
  -ASFR28=0E00h-0E6Fh -ASFR29=0E80h-0EEFh -ASFR30=0F00h-0F6Fh \
  -ASFR31=0F80h-0FEFh -ACONFIG=08007h-0800Ah -DCONFIG=2 \
  -AIDLOC=08000h-08003h -DIDLOC=2 -AEEDATA=00h-0FFh/0F000h \
  -peeprom_data=EEDATA -DEEDATA=2 -DCODE=2 -DSTRCODE=2 -DSTRING=2 -DCONST=2 \
  -DENTRY=2 -preset_vec=00h,intentry=04h,init,end_init -ppowerup=CODE \
  -pcinit=CODE -pfunctab=ENTRY -k /tmp/xcXmkiMeN.o \
  dist/default/production/CollarMonitorizacion.X.production.o 

Object code version is 3.11

Machine type is 16F18326



                Name                               Link     Load   Length Selector   Space Scale
/tmp/xcXmkiMeN.o
                end_init                             28       28        2        8       0
                reset_vec                             0        0        2        0       0
                config                             8007     8007        4        0       4
dist/default/production/CollarMonitorizacion.X.production.o
                cinit                                2A       2A       49        8       0
                intentry                              4        4       24        8       0
                config                             8007     8007        4        0       4
                text132                            1C40     1C40        A     3880       0
                text131                            274B     274B        1     4E96       0
                text130                            1CAF     1CAF        F     395E       0
                text129                             7FF      7FF        1      728       0
                text128                            1CEC     1CEC       11     39D8       0
                text127                            1DAA     1DAA       17     3B54       0
                text125                            1C1C     1C1C        9     3838       0
                text124                            27B2     27B2        6     4F64       0
                text123                            27B8     27B8        6     4F70       0
                text122                            27BE     27BE        6     4F7C       0
                text121                            1F97     1F97       22     3F2E       0
                text120                            276A     276A        4     4ED4       0
                text119                            1C25     1C25        9     384A       0
                text118                            1C2E     1C2E        9     385C       0
                text117                            110F     110F       2F     221E       0
                text116                            27F0     27F0        8     4FE0       0
                text115                            27C4     27C4        6     4F88       0
                text114                            1D57     1D57       14     3AAE       0
                text113                            27CA     27CA        6     4F94       0
                text112                            1E4F     1E4F       1B     3C9E       0
                text111                            276E     276E        4     4EDC       0
                text110                            1EF7     1EF7       1F     3DEE       0
                text109                            274C     274C        3     4E98       0
                text108                            274F     274F        3     4E9E       0
                text107                            2752     2752        3     4EA4       0
                text106                            2755     2755        3     4EAA       0
                text105                            1E85     1E85       1C     3D0A       0
                text104                            2758     2758        3     4EB0       0
                text103                            275B     275B        3     4EB6       0
                text102                            275E     275E        3     4EBC       0
                text101                            1CBE     1CBE        F     397C       0
                text100                            108D     108D       2A     211A       0
                text99                             1C93     1C93        E     3926       0
                text98                             1DC1     1DC1       17     3B82       0
                text97                             1DD8     1DD8       17     3BB0       0
                text96                             1DEF     1DEF       17     3BDE       0
                text95                             1E06     1E06       17     3C0C       0
                text94                             1EA1     1EA1       1C     3D42       0
                text93                              800      800        2     1000       0
                text92                                2        2        2        0       0
                text91                             2761     2761        3     4EC2       0
                text90                             2772     2772        4     4EE4       0
                text89                             2764     2764        3     4EC8       0
                text88                             1C18     1C18        4     3830       0
                text87                             2776     2776        5     4EEC       0
                text86                             27D0     27D0        6     4FA0       0
                text85                             2767     2767        3     4ECE       0
                text84                             119E     119E       32     233C       0
                text83                             277B     277B        5     4EF6       0
                text82                             1C37     1C37        9     386E       0
                text81                             27F8     27F8        8     4FF0       0
                text80                             1633     1633       60     2C66       0
                text79                             13CD     13CD       4D     279A       0
                text78                             27E2     27E2        7     4FC4       0
                text77                             2780     2780        5     4F00       0
                text76                             2785     2785        5     4F0A       0
                text75                             278A     278A        5     4F14       0
                text74                             278F     278F        5     4F1E       0
                text73                             2794     2794        5     4F28       0
                text72                             2799     2799        5     4F32       0
                text71                             279E     279E        5     4F3C       0
                text70                             27A3     27A3        5     4F46       0
                text69                             116D     116D       31     22DA       0
                text68                             10E1     10E1       2E     21C2       0
                text67                             27D6     27D6        6     4FAC       0
                text66                             1C6C     1C6C        D     38D8       0
                text65                             1FB9     1FB9       23     3F72       0
                text64                             27A8     27A8        5     4F50       0
                text63                             1C79     1C79        D     38F2       0
                text62                             12D6     12D6       3A     25AC       0
                text61                             1CA1     1CA1        E     3942       0
                text60                             126A     126A       36     24D4       0
                text59                             1E6A     1E6A       1B     3CD4       0
                text58                             1F55     1F55       21     3EAA       0
                text57                             1CDC     1CDC       10     39B8       0
                text56                             27AD     27AD        5     4F5A       0
                text55                              DF6      DF6      104     1BEC       0
                text54                              D0C      D0C       EA     1A18       0
                text53                             1E35     1E35       1A     3C6A       0
                text52                             1C4A     1C4A        A     3894       0
                text51                             27DC     27DC        6     4FB8       0
                text50                             15D5     15D5       5E     2BAA       0
                text49                             1064     1064       29     20C8       0
                text48                             1000     1000       19     1DF4       0
                text47                             14C4     14C4       58     2988       0
                text46                              394      394      16B      728       0
                text45                              A7C      A7C       D3     14F8       0
                text44                              63C      63C      114      728       0
                text43                             1310     1310       3B     2620       0
                text42                             1EBD     1EBD       1C     3D7A       0
                text41                             1D6B     1D6B       14     3AD6       0
                text40                             1D7F     1D7F       15     3AFE       0
                text39                             1D94     1D94       16     3B28       0
                text38                             1D31     1D31       13     3A62       0
                text37                              862      862       AD     10C4       0
                text36                             1ED9     1ED9       1E     3DB2       0
                text35                             1578     1578       5D     2AF0       0
                text34                             146E     146E       56     28DC       0
                text33                              B4F      B4F       DC     169E       0
                text32                             1389     1389       44     2712       0
                text31                             1C86     1C86        D     390C       0
                text30                             1CFD     1CFD       11     39FA       0
                text29                             134B     134B       3E     2696       0
                text28                             1D44     1D44       13     3A88       0
                text27                             1F16     1F16       1F     3E2C       0
                text26                             1E1D     1E1D       18     3C3A       0
                text25                             1F76     1F76       21     3EEC       0
                text24                              750      750       AF      728       0
                text23                             1202     1202       34     2404       0
                text22                             1236     1236       34     246C       0
                text21                             1693     1693       63     2D26       0
                text20                             16F6     16F6       65     2DEC       0
                text19                              802      802       60     1004       0
                text18                             141A     141A       54     2834       0
                text17                             12A0     12A0       36     2540       0
                text16                              90F      90F       B4     121E       0
                text15                               73       73      198        8       0
                text14                             1FDC     1FDC       24     3FB8       0
                text13                             1D1F     1D1F       12     3A3E       0
                text12                              9C3      9C3       B9     1386       0
                text11                              C2B      C2B       E1     1856       0
                text10                             113E     113E       2F     227C       0
                text9                              1019     1019       25     2032       0
                text8                              151C     151C       5C     2A38       0
                text7                              1F35     1F35       20     3E6A       0
                text6                              11D0     11D0       32     23A0       0
                text5                              1CCD     1CCD        F     399A       0
                text4                              10B7     10B7       2A     216E       0
                text3                              175B     175B       A5     2EB6       0
                text2                              1D0E     1D0E       11     3A1C       0
                text1                              103E     103E       26     207C       0
                maintext                            4FF      4FF      13D      728       0
                cstackBANK0                          20       20       50       20       1
                cstackCOMMON                         70       70        A       70       1
                cstackBANK1                          A0       A0       4B       A0       1
                cstackBANK2                         15A      15A        8      120       1
                clrtext                            1C54     1C54        C     38A8       0
                inittext                           1C60     1C60        C     38C0       0
                bssBANK3                            1A0      1A0       32      1A0       1
                dataBANK2                           162      162        7      120       1
                bssBANK2                            120      120       2E      120       1
                bssBANK1                             EB       EB        5       A0       1
                bssCOMMON                            7A       7A        2       70       1
                stringtext33                       2828     2828        2     5000       0
                stringtext32                       2825     2825        3     5000       0
                stringtext31                       2820     2820        5     5000       0
                stringtext30                       281B     281B        5     5000       0
                stringtext29                       280E     280E        7     5000       0
                stringtext28                       2101     2101        A     4000       0
                stringtext27                       20F7     20F7        A     4000       0
                stringtext26                       20EC     20EC        B     4000       0
                stringtext25                       20DF     20DF        D     4000       0
                stringtext24                       20D1     20D1        E     4000       0
                stringtext23                       20C3     20C3        E     4000       0
                stringtext22                       20B4     20B4        F     4000       0
                stringtext21                       20A4     20A4       10     4000       0
                stringtext20                       207E     207E       14     4000       0
                stringtext19                       206A     206A       14     4000       0
                stringtext18                       2055     2055       15     4000       0
                stringtext17                       2020     2020       1D     4000       0
                nvBANK2                             14E      14E        C      120       1
                stringtext16                       282A     282A        1     5000       0
                stringtext15                       2807     2807        7     5000       0
                stringtext14                       1B95     1B95       83     3000       0
                stringtext13                       1B12     1B12       83     3000       0
                stringtext12                       1A8F     1A8F       83     3000       0
                stringtext11                       1A0C     1A0C       83     3000       0
                stringtext10                       1989     1989       83     3000       0
                stringtext9                        1906     1906       83     3000       0
                stringtext8                         20B      20B      189      416       0
                stringtext7                        2815     2815        6     5000       0
                stringtext6                        2800     2800        7     5000       0
                stringtext5                        2092     2092       12     4000       0
                stringtext4                        203D     203D       18     4000       0
                stringtext3                        2000     2000       20     4000       0
                stringtext2                        1883     1883       83     3000       0
                stringtext1                        1800     1800       83     3000       0
                idataBANK2                         27E9     27E9        7     4FD2       0
                idataBIGRAM                         EFA      EFA      106     1DF4       0

TOTAL           Name                               Link     Load   Length     Space
        CLASS   STACK          

        CLASS   CODE           
                end_init                             28       28        2         0
                cinit                                2A       2A       49         0
                intentry                              4        4       24         0
                reset_vec                             0        0        2         0
                text132                            1C40     1C40        A         0
                text131                            274B     274B        1         0
                text130                            1CAF     1CAF        F         0
                text129                             7FF      7FF        1         0
                text128                            1CEC     1CEC       11         0
                text127                            1DAA     1DAA       17         0
                text125                            1C1C     1C1C        9         0
                text124                            27B2     27B2        6         0
                text123                            27B8     27B8        6         0
                text122                            27BE     27BE        6         0
                text121                            1F97     1F97       22         0
                text120                            276A     276A        4         0
                text119                            1C25     1C25        9         0
                text118                            1C2E     1C2E        9         0
                text117                            110F     110F       2F         0
                text116                            27F0     27F0        8         0
                text115                            27C4     27C4        6         0
                text114                            1D57     1D57       14         0
                text113                            27CA     27CA        6         0
                text112                            1E4F     1E4F       1B         0
                text111                            276E     276E        4         0
                text110                            1EF7     1EF7       1F         0
                text109                            274C     274C        3         0
                text108                            274F     274F        3         0
                text107                            2752     2752        3         0
                text106                            2755     2755        3         0
                text105                            1E85     1E85       1C         0
                text104                            2758     2758        3         0
                text103                            275B     275B        3         0
                text102                            275E     275E        3         0
                text101                            1CBE     1CBE        F         0
                text100                            108D     108D       2A         0
                text99                             1C93     1C93        E         0
                text98                             1DC1     1DC1       17         0
                text97                             1DD8     1DD8       17         0
                text96                             1DEF     1DEF       17         0
                text95                             1E06     1E06       17         0
                text94                             1EA1     1EA1       1C         0
                text93                              800      800        2         0
                text92                                2        2        2         0
                text91                             2761     2761        3         0
                text90                             2772     2772        4         0
                text89                             2764     2764        3         0
                text88                             1C18     1C18        4         0
                text87                             2776     2776        5         0
                text86                             27D0     27D0        6         0
                text85                             2767     2767        3         0
                text84                             119E     119E       32         0
                text83                             277B     277B        5         0
                text82                             1C37     1C37        9         0
                text81                             27F8     27F8        8         0
                text80                             1633     1633       60         0
                text79                             13CD     13CD       4D         0
                text78                             27E2     27E2        7         0
                text77                             2780     2780        5         0
                text76                             2785     2785        5         0
                text75                             278A     278A        5         0
                text74                             278F     278F        5         0
                text73                             2794     2794        5         0
                text72                             2799     2799        5         0
                text71                             279E     279E        5         0
                text70                             27A3     27A3        5         0
                text69                             116D     116D       31         0
                text68                             10E1     10E1       2E         0
                text67                             27D6     27D6        6         0
                text66                             1C6C     1C6C        D         0
                text65                             1FB9     1FB9       23         0
                text64                             27A8     27A8        5         0
                text63                             1C79     1C79        D         0
                text62                             12D6     12D6       3A         0
                text61                             1CA1     1CA1        E         0
                text60                             126A     126A       36         0
                text59                             1E6A     1E6A       1B         0
                text58                             1F55     1F55       21         0
                text57                             1CDC     1CDC       10         0
                text56                             27AD     27AD        5         0
                text55                              DF6      DF6      104         0
                text54                              D0C      D0C       EA         0
                text53                             1E35     1E35       1A         0
                text52                             1C4A     1C4A        A         0
                text51                             27DC     27DC        6         0
                text50                             15D5     15D5       5E         0
                text49                             1064     1064       29         0
                text48                             1000     1000       19         0
                text47                             14C4     14C4       58         0
                text46                              394      394      16B         0
                text45                              A7C      A7C       D3         0
                text44                              63C      63C      114         0
                text43                             1310     1310       3B         0
                text42                             1EBD     1EBD       1C         0
                text41                             1D6B     1D6B       14         0
                text40                             1D7F     1D7F       15         0
                text39                             1D94     1D94       16         0
                text38                             1D31     1D31       13         0
                text37                              862      862       AD         0
                text36                             1ED9     1ED9       1E         0
                text35                             1578     1578       5D         0
                text34                             146E     146E       56         0
                text33                              B4F      B4F       DC         0
                text32                             1389     1389       44         0
                text31                             1C86     1C86        D         0
                text30                             1CFD     1CFD       11         0
                text29                             134B     134B       3E         0
                text28                             1D44     1D44       13         0
                text27                             1F16     1F16       1F         0
                text26                             1E1D     1E1D       18         0
                text25                             1F76     1F76       21         0
                text24                              750      750       AF         0
                text23                             1202     1202       34         0
                text22                             1236     1236       34         0
                text21                             1693     1693       63         0
                text20                             16F6     16F6       65         0
                text19                              802      802       60         0
                text18                             141A     141A       54         0
                text17                             12A0     12A0       36         0
                text16                              90F      90F       B4         0
                text15                               73       73      198         0
                text14                             1FDC     1FDC       24         0
                text13                             1D1F     1D1F       12         0
                text12                              9C3      9C3       B9         0
                text11                              C2B      C2B       E1         0
                text10                             113E     113E       2F         0
                text9                              1019     1019       25         0
                text8                              151C     151C       5C         0
                text7                              1F35     1F35       20         0
                text6                              11D0     11D0       32         0
                text5                              1CCD     1CCD        F         0
                text4                              10B7     10B7       2A         0
                text3                              175B     175B       A5         0
                text2                              1D0E     1D0E       11         0
                text1                              103E     103E       26         0
                maintext                            4FF      4FF      13D         0
                clrtext                            1C54     1C54        C         0
                inittext                           1C60     1C60        C         0
                idataBANK2                         27E9     27E9        7         0
                idataBIGRAM                         EFA      EFA      106         0

        CLASS   STRCODE        
                stringtext33                       2828     2828        2         0
                stringtext32                       2825     2825        3         0
                stringtext31                       2820     2820        5         0
                stringtext30                       281B     281B        5         0
                stringtext29                       280E     280E        7         0
                stringtext28                       2101     2101        A         0
                stringtext27                       20F7     20F7        A         0
                stringtext26                       20EC     20EC        B         0
                stringtext25                       20DF     20DF        D         0
                stringtext24                       20D1     20D1        E         0
                stringtext23                       20C3     20C3        E         0
                stringtext22                       20B4     20B4        F         0
                stringtext21                       20A4     20A4       10         0
                stringtext20                       207E     207E       14         0
                stringtext19                       206A     206A       14         0
                stringtext18                       2055     2055       15         0
                stringtext17                       2020     2020       1D         0
                stringtext16                       282A     282A        1         0
                stringtext15                       2807     2807        7         0
                stringtext14                       1B95     1B95       83         0
                stringtext13                       1B12     1B12       83         0
                stringtext12                       1A8F     1A8F       83         0
                stringtext11                       1A0C     1A0C       83         0
                stringtext10                       1989     1989       83         0
                stringtext9                        1906     1906       83         0
                stringtext8                         20B      20B      189         0
                stringtext7                        2815     2815        6         0
                stringtext6                        2800     2800        7         0
                stringtext5                        2092     2092       12         0
                stringtext4                        203D     203D       18         0
                stringtext3                        2000     2000       20         0
                stringtext2                        1883     1883       83         0
                stringtext1                        1800     1800       83         0

        CLASS   STRING         

        CLASS   CONST          

        CLASS   ENTRY          

        CLASS   COMMON         
                cstackCOMMON                         70       70        A         1
                bssCOMMON                            7A       7A        2         1

        CLASS   BANK0          
                cstackBANK0                          20       20       50         1

        CLASS   BANK1          
                cstackBANK1                          A0       A0       4B         1
                bssBANK1                             EB       EB        5         1

        CLASS   BANK2          
                cstackBANK2                         15A      15A        8         1
                dataBANK2                           162      162        7         1
                bssBANK2                            120      120       2E         1
                nvBANK2                             14E      14E        C         1

        CLASS   BANK3          
                bssBANK3                            1A0      1A0       32         1

        CLASS   BANK4          

        CLASS   BANK5          

        CLASS   BANK6          

        CLASS   BANK7          

        CLASS   BANK8          

        CLASS   BANK9          

        CLASS   BANK10         

        CLASS   BANK11         

        CLASS   BANK12         

        CLASS   BANK13         

        CLASS   BANK14         

        CLASS   BANK15         

        CLASS   BANK16         

        CLASS   BANK17         

        CLASS   BANK18         

        CLASS   BANK19         

        CLASS   BANK20         

        CLASS   BANK21         

        CLASS   BANK22         

        CLASS   BANK23         

        CLASS   BANK24         

        CLASS   BANK25         

        CLASS   BIGRAM         

        CLASS   RAM            

        CLASS   ABS1           
                abs_s1                               7E       7E        2         1
                abs_s1                              A66      A66        A         1
                abs_s1                              AA0      AA0       50         1
                abs_s1                              B20      B20       50         1
                abs_s1                              BA0      BA0       50         1
                abs_s1                              C20      C20       50         1
                abs_s1                              CA0      CA0       20         1
                abs_s1                             2686     2686        0         1
                abs_s1                             2709     2709        0         1
                abs_s1                             278C     278C        0         1

        CLASS   SFR0           

        CLASS   SFR1           

        CLASS   SFR2           

        CLASS   SFR3           

        CLASS   SFR4           

        CLASS   SFR5           

        CLASS   SFR6           

        CLASS   SFR7           

        CLASS   SFR8           

        CLASS   SFR9           

        CLASS   SFR10          

        CLASS   SFR11          

        CLASS   SFR12          

        CLASS   SFR13          

        CLASS   SFR14          

        CLASS   SFR15          

        CLASS   SFR16          

        CLASS   SFR17          

        CLASS   SFR18          

        CLASS   SFR19          

        CLASS   SFR20          

        CLASS   SFR21          

        CLASS   SFR22          

        CLASS   SFR23          

        CLASS   SFR24          

        CLASS   SFR25          

        CLASS   SFR26          

        CLASS   SFR27          

        CLASS   SFR28          

        CLASS   SFR29          

        CLASS   SFR30          

        CLASS   SFR31          

        CLASS   CONFIG         
                config                             8007     8007        4         4

        CLASS   IDLOC          

        CLASS   EEDATA         

        CLASS   BANK31         

        CLASS   BANK30         

        CLASS   BANK29         

        CLASS   BANK28         

        CLASS   BANK27         

        CLASS   BANK26         



SEGMENTS        Name                           Load    Length   Top    Selector   Space  Class     Delta

                text39                         001D94  000016  001DAA      3B28       0  CODE        2
                text127                        001DAA  000017  001DC1      3B54       0  CODE        2
                text98                         001DC1  000017  001DD8      3B82       0  CODE        2
                text114                        001D57  000014  001D6B      3AAE       0  CODE        2
                text41                         001D6B  000014  001D7F      3AD6       0  CODE        2
                text40                         001D7F  000015  001D94      3AFE       0  CODE        2
                text26                         001E1D  000018  001E35      3C3A       0  CODE        2
                text53                         001E35  00001A  001E4F      3C6A       0  CODE        2
                text112                        001E4F  00001B  001E6A      3C9E       0  CODE        2
                text97                         001DD8  000017  001DEF      3BB0       0  CODE        2
                text96                         001DEF  000017  001E06      3BDE       0  CODE        2
                text95                         001E06  000017  001E1D      3C0C       0  CODE        2
                text28                         001D44  000013  001D57      3A88       0  CODE        2
                text130                        001CAF  00000F  001CBE      395E       0  CODE        2
                text101                        001CBE  00000F  001CCD      397C       0  CODE        2
                text5                          001CCD  00000F  001CDC      399A       0  CODE        2
                text31                         001C86  00000D  001C93      390C       0  CODE        2
                text99                         001C93  00000E  001CA1      3926       0  CODE        2
                text61                         001CA1  00000E  001CAF      3942       0  CODE        2
                text2                          001D0E  000011  001D1F      3A1C       0  CODE        2
                text13                         001D1F  000012  001D31      3A3E       0  CODE        2
                text38                         001D31  000013  001D44      3A62       0  CODE        2
                text57                         001CDC  000010  001CEC      39B8       0  CODE        2
                text128                        001CEC  000011  001CFD      39D8       0  CODE        2
                text30                         001CFD  000011  001D0E      39FA       0  CODE        2
                text59                         001E6A  00001B  001E85      3CD4       0  CODE        2
                text100                        00108D  00002A  0010B7      211A       0  CODE        2
                text4                          0010B7  00002A  0010E1      216E       0  CODE        2
                text68                         0010E1  00002E  00110F      21C2       0  CODE        2
                text9                          001019  000025  00103E      2032       0  CODE        2
                text1                          00103E  000026  001064      207C       0  CODE        2
                text49                         001064  000029  00108D      20C8       0  CODE        2
                text84                         00119E  000032  0011D0      233C       0  CODE        2
                text6                          0011D0  000032  001202      23A0       0  CODE        2
                text23                         001202  000034  001236      2404       0  CODE        2
                text117                        00110F  00002F  00113E      221E       0  CODE        2
                text10                         00113E  00002F  00116D      227C       0  CODE        2
                text69                         00116D  000031  00119E      22DA       0  CODE        2
                text14                         001FDC  000024  002000      3FB8       0  CODE        2
                text36                         001ED9  00001E  001EF7      3DB2       0  CODE        2
                text110                        001EF7  00001F  001F16      3DEE       0  CODE        2
                text27                         001F16  00001F  001F35      3E2C       0  CODE        2
                text105                        001E85  00001C  001EA1      3D0A       0  CODE        2
                text94                         001EA1  00001C  001EBD      3D42       0  CODE        2
                text42                         001EBD  00001C  001ED9      3D7A       0  CODE        2
                text25                         001F76  000021  001F97      3EEC       0  CODE        2
                text121                        001F97  000022  001FB9      3F2E       0  CODE        2
                text65                         001FB9  000023  001FDC      3F72       0  CODE        2
                text7                          001F35  000020  001F55      3E6A       0  CODE        2
                stringtext3                    002000  00010B  00210B      4000       0  STRCODE     2
                text58                         001F55  000021  001F76      3EAA       0  CODE        2
                text63                         001C79  00000D  001C86      38F2       0  CODE        2
                text88                         001C18  000004  001C1C      3830       0  CODE        2
                text87                         002776  000005  00277B      4EEC       0  CODE        2
                text83                         00277B  000005  002780      4EF6       0  CODE        2
                text120                        00276A  000004  00276E      4ED4       0  CODE        2
                text111                        00276E  000004  002772      4EDC       0  CODE        2
                text90                         002772  000004  002776      4EE4       0  CODE        2
                text74                         00278F  000005  002794      4F1E       0  CODE        2
                text73                         002794  000005  002799      4F28       0  CODE        2
                text72                         002799  000005  00279E      4F32       0  CODE        2
                text77                         002780  000005  002785      4F00       0  CODE        2
                text76                         002785  000005  00278A      4F0A       0  CODE        2
                text75                         00278A  000005  00278F      4F14       0  CODE        2
                text85                         002767  000003  00276A      4ECE       0  CODE        2
                text109                        00274C  000003  00274F      4E98       0  CODE        2
                text108                        00274F  000003  002752      4E9E       0  CODE        2
                text107                        002752  000003  002755      4EA4       0  CODE        2
                text131                        00274B  000001  00274C      4E96       0  CODE        2
                text93                         000800  000002  000802      1000       0  CODE        2
                text102                        00275E  000003  002761      4EBC       0  CODE        2
                text91                         002761  000003  002764      4EC2       0  CODE        2
                text89                         002764  000003  002767      4EC8       0  CODE        2
                text106                        002755  000003  002758      4EAA       0  CODE        2
                text104                        002758  000003  00275B      4EB0       0  CODE        2
                text103                        00275B  000003  00275E      4EB6       0  CODE        2
                text71                         00279E  000005  0027A3      4F3C       0  CODE        2
                text125                        001C1C  000009  001C25      3838       0  CODE        2
                text119                        001C25  000009  001C2E      384A       0  CODE        2
                text118                        001C2E  000009  001C37      385C       0  CODE        2
                idataBANK2                     0027E9  000007  0027F0      4FD2       0  CODE        2
                text116                        0027F0  000008  0027F8      4FE0       0  CODE        2
                text81                         0027F8  000008  002800      4FF0       0  CODE        2
                clrtext                        001C54  00000C  001C60      38A8       0  CODE        2
                inittext                       001C60  00000C  001C6C      38C0       0  CODE        2
                text66                         001C6C  00000D  001C79      38D8       0  CODE        2
                text82                         001C37  000009  001C40      386E       0  CODE        2
                text132                        001C40  00000A  001C4A      3880       0  CODE        2
                text52                         001C4A  00000A  001C54      3894       0  CODE        2
                stringtext6                    002800  00002B  00282B      5000       0  STRCODE     2
                text124                        0027B2  000006  0027B8      4F64       0  CODE        2
                text123                        0027B8  000006  0027BE      4F70       0  CODE        2
                text122                        0027BE  000006  0027C4      4F7C       0  CODE        2
                text70                         0027A3  000005  0027A8      4F46       0  CODE        2
                text64                         0027A8  000005  0027AD      4F50       0  CODE        2
                text56                         0027AD  000005  0027B2      4F5A       0  CODE        2
                text67                         0027D6  000006  0027DC      4FAC       0  CODE        2
                text51                         0027DC  000006  0027E2      4FB8       0  CODE        2
                text78                         0027E2  000007  0027E9      4FC4       0  CODE        2
                text115                        0027C4  000006  0027CA      4F88       0  CODE        2
                text113                        0027CA  000006  0027D0      4F94       0  CODE        2
                text86                         0027D0  000006  0027D6      4FA0       0  CODE        2
                text22                         001236  000034  00126A      246C       0  CODE        2
                cstackBANK1                    0000A0  000050  0000F0        A0       1  BANK1       1
                reset_vec                      000000  000004  000004         0       0  CODE        2
                cstackBANK0                    000020  000050  000070        20       1  BANK0       1
                bssBANK2                       000120  000049  000169       120       1  BANK2       1
                bssBANK3                       0001A0  000032  0001D2       1A0       1  BANK3       1
                intentry                       000004  000207  00020B         8       0  CODE        2
                cstackCOMMON                   000070  00000C  00007C        70       1  COMMON      1
                text20                         0016F6  000065  00175B      2DEC       0  CODE        2
                stringtext1                    001800  000418  001C18      3000       0  STRCODE     2
                text3                          00175B  0000A5  001800      2EB6       0  CODE        2
                text80                         001633  000060  001693      2C66       0  CODE        2
                text19                         000802  000060  000862      1004       0  CODE        2
                text21                         001693  000063  0016F6      2D26       0  CODE        2
                text45                         000A7C  0000D3  000B4F      14F8       0  CODE        2
                text33                         000B4F  0000DC  000C2B      169E       0  CODE        2
                text11                         000C2B  0000E1  000D0C      1856       0  CODE        2
                text37                         000862  0000AD  00090F      10C4       0  CODE        2
                text16                         00090F  0000B4  0009C3      121E       0  CODE        2
                text12                         0009C3  0000B9  000A7C      1386       0  CODE        2
                text50                         0015D5  00005E  001633      2BAA       0  CODE        2
                text43                         001310  00003B  00134B      2620       0  CODE        2
                text29                         00134B  00003E  001389      2696       0  CODE        2
                text32                         001389  000044  0013CD      2712       0  CODE        2
                text60                         00126A  000036  0012A0      24D4       0  CODE        2
                text17                         0012A0  000036  0012D6      2540       0  CODE        2
                text62                         0012D6  00003A  001310      25AC       0  CODE        2
                text47                         0014C4  000058  00151C      2988       0  CODE        2
                text8                          00151C  00005C  001578      2A38       0  CODE        2
                text35                         001578  00005D  0015D5      2AF0       0  CODE        2
                text79                         0013CD  00004D  00141A      279A       0  CODE        2
                text18                         00141A  000054  00146E      2834       0  CODE        2
                text34                         00146E  000056  0014C4      28DC       0  CODE        2
                text54                         000D0C  0000EA  000DF6      1A18       0  CODE        2
                idataBIGRAM                    000EFA  00011F  001019      1DF4       0  CODE        2
                text46                         000394  00046C  000800       728       0  CODE        2
                text55                         000DF6  000104  000EFA      1BEC       0  CODE        2
                stringtext8                    00020B  000189  000394       416       0  STRCODE     2


UNUSED ADDRESS RANGES

        Name                Unused          Largest block    Delta
        BANK10           00520-0056F              50           1
        BANK11           005A0-005EF              50           1
        BANK12           00620-0066F              50           1
        BANK13           006A0-006EF              50           1
        BANK14           00720-0076F              50           1
        BANK15           007A0-007EF              50           1
        BANK16           00820-0086F              50           1
        BANK17           008A0-008EF              50           1
        BANK18           00920-0096F              50           1
        BANK19           009A0-009EF              50           1
        BANK2            00169-0016F               7           1
        BANK20           00A20-00A65              46           1
        BANK3            001D2-001EF              1E           1
        BANK4            00220-0026F              50           1
        BANK5            002A0-002EF              50           1
        BANK6            00320-0036F              50           1
        BANK7            003A0-003EF              50           1
        BANK8            00420-0046F              50           1
        BANK9            004A0-004EF              50           1
        BIGRAM           02000-027EF             7F0           1
        CODE             0210B-0274A             640           2
                         0282B-03FFF             800
        COMMON           0007C-0007D               2           1
        CONST            0210B-0274A             100           2
                         0282B-03FFF             100
        EEDATA           0F000-0F0FF             100           2
        ENTRY            0210B-0274A             100           2
                         0282B-03FFF             100
        IDLOC            08000-08003               4           2
        RAM              00169-0016F               7           1
                         001D2-001EF              1E
                         00220-0026F              50
                         002A0-002EF              50
                         00320-0036F              50
                         003A0-003EF              50
                         00420-0046F              50
                         004A0-004EF              50
                         00520-0056F              50
                         005A0-005EF              50
                         00620-0066F              50
                         006A0-006EF              50
                         00720-0076F              50
                         007A0-007EF              50
                         00820-0086F              50
                         008A0-008EF              50
                         00920-0096F              50
                         009A0-009EF              50
                         00A20-00A65              46
        SFR0             00000-0001F              20           1
        SFR1             00080-0009F              20           1
        SFR10            00500-0051F              20           1
        SFR11            00580-0059F              20           1
        SFR12            00600-0061F              20           1
        SFR13            00680-0069F              20           1
        SFR14            00700-0071F              20           1
        SFR15            00780-0079F              20           1
        SFR16            00800-0081F              20           1
        SFR17            00880-0089F              20           1
        SFR18            00900-0091F              20           1
        SFR19            00980-0099F              20           1
        SFR2             00100-0011F              20           1
        SFR20            00A00-00A1F              20           1
        SFR21            00A80-00A9F              20           1
        SFR22            00B00-00B1F              20           1
        SFR23            00B80-00B9F              20           1
        SFR24            00C00-00C1F              20           1
        SFR25            00C80-00C9F              20           1
        SFR26            00D00-00D6F              70           1
        SFR27            00D80-00DEF              70           1
        SFR28            00E00-00E6F              70           1
        SFR29            00E80-00EEF              70           1
        SFR3             00180-0019F              20           1
        SFR30            00F00-00F6F              70           1
        SFR31            00F80-00FEF              70           1
        SFR4             00200-0021F              20           1
        SFR5             00280-0029F              20           1
        SFR6             00300-0031F              20           1
        SFR7             00380-0039F              20           1
        SFR8             00400-0041F              20           1
        SFR9             00480-0049F              20           1
        STACK            02122-02685             564           1
        STRCODE          0210B-0274A             640           2
                         0282B-03FFF            17D5
        STRING           0210B-0274A             100           2
                         0282B-03FFF             100

                                  Symbol Table

?___aodiv                                      cstackBANK0  00020
?___aomod                                      cstackBANK0  00020
?___awdiv                                      cstackBANK0  0002D
?___awmod                                      cstackBANK0  0002D
?___lmul                                       cstackCOMMON 00072
?___wmul                                       cstackCOMMON 00072
?_abs                                          cstackCOMMON 00075
?_atoi                                         cstackCOMMON 00078
?_dtoa                                         cstackBANK0  0003A
?_exeuno                                       cstackBANK1  000C7
?_getbat                                       cstackBANK1  000D4
?_isdigit                                      cstackCOMMON 00072
?_isspace                                      cstackCOMMON 00072
?_min2grado                                    cstackBANK0  00034
?_pad                                          cstackBANK0  0002B
?_printf                                       cstackBANK1  000A4
?_recLineaGPS                                  cstackBANK0  00020
?_recLineaGSM                                  cstackBANK1  000B4
?_sprintf                                      cstackBANK1  000A4
?_stoa                                         cstackBANK0  00025
?_strchr                                       cstackCOMMON 00072
?_strcspn                                      cstackBANK0  00020
?_strlen                                       cstackCOMMON 00072
?_strncmp                                      cstackCOMMON 00072
?_strspn                                       cstackBANK0  00020
?_strstr                                       cstackBANK0  00024
?_strtok                                       cstackBANK0  00028
?_tics                                         cstackCOMMON 00072
?_vfpfcnvrt                                    cstackBANK0  00059
?_vfprintf                                     cstackBANK0  0006B
?_waitIni                                      cstackBANK1  000D4
DELAY_microseconds@microseconds                cstackCOMMON 00072
DELAY_milliseconds@milliseconds                cstackCOMMON 00072
EUSART_SetErrorHandler@interruptHandler        cstackCOMMON 00072
EUSART_SetFramingErrorHandler@interruptHandler cstackCOMMON 00072
EUSART_SetOverrunErrorHandler@interruptHandler cstackCOMMON 00072
EUSART_Write@txData                            cstackCOMMON 00072
I2C1_CallbackReturnReset@funPtr                cstackBANK0  00021
I2C1_Close@returnValue                         cstackCOMMON 00073
I2C1_MasterOperation@read                      cstackBANK0  00029
I2C1_MasterOperation@returnValue               cstackBANK0  0002A
I2C1_MasterSendTxData@data                     cstackCOMMON 00072
I2C1_Open@address                              cstackCOMMON 00073
I2C1_Open@returnValue                          cstackCOMMON 00074
I2C1_ReadDataBlock@address                     cstackBANK0  00030
I2C1_ReadDataBlock@bufferBlock                 cstackBANK0  00031
I2C1_ReadDataBlock@data                        cstackBANK0  0002C
I2C1_ReadDataBlock@len                         cstackBANK0  0002D
I2C1_ReadDataBlock@reg                         cstackBANK0  0002B
I2C1_SetAddressNackCallback@cb                 cstackCOMMON 00077
I2C1_SetAddressNackCallback@ptr                cstackCOMMON 00079
I2C1_SetBuffer@buffer                          cstackCOMMON 00072
I2C1_SetBuffer@bufferSize                      cstackCOMMON 00074
I2C1_SetCallback@cb                            cstackCOMMON 00072
I2C1_SetCallback@idx                           cstackCOMMON 00076
I2C1_SetCallback@ptr                           cstackCOMMON 00074
I2C1_SetDataCompleteCallback@cb                cstackCOMMON 00077
I2C1_SetDataCompleteCallback@ptr               cstackCOMMON 00079
I2C1_Write1ByteRegister@address                cstackBANK0  0002E
I2C1_Write1ByteRegister@data                   cstackBANK0  0002C
I2C1_Write1ByteRegister@reg                    cstackBANK0  0002B
TMR0_SetInterruptHandler@InterruptHandler      cstackCOMMON 00072
TMR1_SetInterruptHandler@InterruptHandler      cstackCOMMON 00072
TMR1_WriteTimer@timerVal                       cstackCOMMON 00070
_ADACT                                         (abs)        0009F
_ADCON0                                        (abs)        0009D
_ADCON0bits                                    (abs)        0009D
_ADCON1                                        (abs)        0009E
_ADC_Initialize                                text125      01C1C
_ADRESH                                        (abs)        0009C
_ADRESL                                        (abs)        0009B
_ANSELA                                        (abs)        0018C
_ANSELC                                        (abs)        0018E
_BAUD1CON                                      (abs)        0019F
_DELAY_microseconds                            text58       01F55
_DELAY_milliseconds                            text40       01D7F
_EUSART_DefaultErrorHandler                    (abs)        00000
_EUSART_DefaultFramingErrorHandler             (abs)        00000
_EUSART_DefaultOverrunErrorHandler             (abs)        00000
_EUSART_ErrorHandler                           nvBANK2      00154
_EUSART_FramingErrorHandler                    nvBANK2      00158
_EUSART_Initialize                             text121      01F97
_EUSART_OverrunErrorHandler                    nvBANK2      00156
_EUSART_Read                                   text57       01CDC
_EUSART_SetErrorHandler                        text124      027B2
_EUSART_SetFramingErrorHandler                 text123      027B8
_EUSART_SetOverrunErrorHandler                 text122      027BE
_EUSART_Write                                  text52       01C4A
_EUSART_is_rx_ready                            text56       027AD
_EUSART_is_tx_ready                            text5        01CCD
_EUSART_is_tx_ready$298                        cstackCOMMON 00072
_FVRCON                                        (abs)        00117
_FVRCONbits                                    (abs)        00117
_FVR_Initialize                                text120      0276A
_I2C1_CallbackReturnReset                      text92       00002
_I2C1_CallbackReturnStop                       text93       00800
_I2C1_Close                                    text105      01E85
_I2C1_DO_ADDRESS_NACK                          text69       0116D
_I2C1_DO_IDLE                                  text83       0277B
_I2C1_DO_RCEN                                  text78       027E2
_I2C1_DO_RESET                                 text70       027A3
_I2C1_DO_RX                                    text79       013CD
_I2C1_DO_RX_ACK                                text73       02794
_I2C1_DO_RX_NACK_RESTART                       text71       0279E
_I2C1_DO_RX_NACK_STOP                          text72       02799
_I2C1_DO_SEND_ADR_READ                         text82       01C37
_I2C1_DO_SEND_ADR_WRITE                        text81       027F8
_I2C1_DO_SEND_RESTART                          text75       0278A
_I2C1_DO_SEND_RESTART_READ                     text77       02780
_I2C1_DO_SEND_RESTART_WRITE                    text76       02785
_I2C1_DO_SEND_STOP                             text74       0278F
_I2C1_DO_TX                                    text80       01633
_I2C1_DO_TX_EMPTY                              text84       0119E
_I2C1_Initialize                               text119      01C25
_I2C1_MasterClearIrq                           text108      0274F
_I2C1_MasterClose                              text107      02752
_I2C1_MasterDisableIrq                         text106      02755
_I2C1_MasterEnableRestart                      text103      0275B
_I2C1_MasterFsm                                text68       010E1
_I2C1_MasterGetRxData                          text89       02764
_I2C1_MasterIsNack                             text86       027D0
_I2C1_MasterOpen                               text63       01C79
_I2C1_MasterOperation                          text65       01FB9
_I2C1_MasterSendAck                            text88       01C18
_I2C1_MasterSendNack                           text90       02772
_I2C1_MasterSendTxData                         text87       02776
_I2C1_MasterSetIrq                             text85       02767
_I2C1_MasterStart                              text104      02758
_I2C1_MasterStartRx                            text91       02761
_I2C1_MasterStop                               text102      0275E
_I2C1_MasterWaitForEvent                       text67       027D6
_I2C1_MasterWrite                              text64       027A8
_I2C1_Open                                     text62       012D6
_I2C1_Poller                                   text66       01C6C
_I2C1_ReadDataBlock                            text29       0134B
_I2C1_SetAddressNackCallback                   text61       01CA1
_I2C1_SetBuffer                                text101      01CBE
_I2C1_SetCallback                              text100      0108D
_I2C1_SetDataCompleteCallback                  text99       01C93
_I2C1_Status                                   bssBANK2     00120
_I2C1_Write1ByteRegister                       text60       0126A
_INLVLA                                        (abs)        0038C
_INLVLC                                        (abs)        0038E
_INTCONbits                                    (abs)        0000B
_INTERRUPT_InterruptManager                    intentry     00004
_LATA                                          (abs)        0010C
_LATC                                          (abs)        0010E
_ODCONA                                        (abs)        0028C
_ODCONC                                        (abs)        0028E
_OSCCON1                                       (abs)        00919
_OSCCON3                                       (abs)        0091B
_OSCEN                                         (abs)        0091D
_OSCFRQ                                        (abs)        0091F
_OSCILLATOR_Initialize                         text118      01C2E
_OSCTUNE                                       (abs)        0091E
_PIE0bits                                      (abs)        00090
_PIE1bits                                      (abs)        00091
_PIN_MANAGER_Initialize                        text117      0110F
_PIR0bits                                      (abs)        00010
_PIR1bits                                      (abs)        00011
_PMD0                                          (abs)        00911
_PMD1                                          (abs)        00912
_PMD2                                          (abs)        00913
_PMD3                                          (abs)        00914
_PMD4                                          (abs)        00915
_PMD5                                          (abs)        00916
_PMD_Initialize                                text116      027F0
_RA2PPS                                        (abs)        00E92
_RC0PPS                                        (abs)        00EA0
_RC1REG                                        (abs)        00199
_RC1STA                                        (abs)        0019D
_RC1STAbits                                    (abs)        0019D
_RC2PPS                                        (abs)        00EA2
_RC4PPS                                        (abs)        00EA4
_RXPPS                                         (abs)        00E24
_SLRCONA                                       (abs)        0030C
_SLRCONC                                       (abs)        0030E
_SP1BRGH                                       (abs)        0019C
_SP1BRGL                                       (abs)        0019B
_SSP1ADD                                       (abs)        00212
_SSP1BUF                                       (abs)        00211
_SSP1CLKPPS                                    (abs)        00E20
_SSP1CON1                                      (abs)        00215
_SSP1CON1bits                                  (abs)        00215
_SSP1CON2                                      (abs)        00216
_SSP1CON2bits                                  (abs)        00216
_SSP1DATPPS                                    (abs)        00E21
_SSP1STAT                                      (abs)        00214
_SSP1STATbits                                  (abs)        00214
_SYSTEM_Initialize                             text110      01EF7
_T0CON0                                        (abs)        00017
_T0CON0bits                                    (abs)        00017
_T0CON1                                        (abs)        00018
_T1CON                                         (abs)        0001B
_T1CONbits                                     (abs)        0001B
_T1GCON                                        (abs)        0001C
_T1GCONbits                                    (abs)        0001C
_TMR0H                                         (abs)        00016
_TMR0L                                         (abs)        00015
_TMR0_DefaultInterruptHandler                  text131      0274B
_TMR0_ISR                                      text130      01CAF
_TMR0_Initialize                               text114      01D57
_TMR0_InterruptHandler                         nvBANK2      0014E
_TMR0_SetInterruptHandler                      text115      027C4
_TMR0_StartTimer                               text109      0274C
_TMR1H                                         (abs)        0001A
_TMR1L                                         (abs)        00019
_TMR1_DefaultInterruptHandler                  text129      007FF
_TMR1_ISR                                      text127      01DAA
_TMR1_Initialize                               text112      01E4F
_TMR1_InterruptHandler                         nvBANK2      00150
_TMR1_SetInterruptHandler                      text113      027CA
_TMR1_WriteTimer                               text128      01CEC
_TRISA                                         (abs)        0008C
_TRISC                                         (abs)        0008E
_TX1REG                                        (abs)        0019A
_TX1STA                                        (abs)        0019E
_TX1STAbits                                    (abs)        0019E
_WDTCON                                        (abs)        00097
_WDT_Initialize                                text111      0276E
_WPUA                                          (abs)        0020C
_WPUC                                          (abs)        0020E
__Habs1                                        abs1         00000
__Hbank0                                       bank0        00000
__Hbank1                                       bank1        00000
__Hbank10                                      bank10       00000
__Hbank11                                      bank11       00000
__Hbank12                                      bank12       00000
__Hbank13                                      bank13       00000
__Hbank14                                      bank14       00000
__Hbank15                                      bank15       00000
__Hbank16                                      bank16       00000
__Hbank17                                      bank17       00000
__Hbank18                                      bank18       00000
__Hbank19                                      bank19       00000
__Hbank2                                       bank2        00000
__Hbank20                                      bank20       00000
__Hbank21                                      bank21       00000
__Hbank22                                      bank22       00000
__Hbank23                                      bank23       00000
__Hbank24                                      bank24       00000
__Hbank25                                      bank25       00000
__Hbank26                                      bank26       00000
__Hbank27                                      bank27       00000
__Hbank28                                      bank28       00000
__Hbank29                                      bank29       00000
__Hbank3                                       bank3        00000
__Hbank30                                      bank30       00000
__Hbank31                                      bank31       00000
__Hbank4                                       bank4        00000
__Hbank5                                       bank5        00000
__Hbank6                                       bank6        00000
__Hbank7                                       bank7        00000
__Hbank8                                       bank8        00000
__Hbank9                                       bank9        00000
__Hbigram                                      bigram       00000
__HbssBANK1                                    bssBANK1     00000
__HbssBANK2                                    bssBANK2     00000
__HbssBANK3                                    bssBANK3     00000
__HbssCOMMON                                   bssCOMMON    00000
__Hcinit                                       cinit        00073
__Hclrtext                                     clrtext      00000
__Hcode                                        code         00000
__Hcommon                                      common       00000
__Hconfig                                      config       0800B
__HcstackBANK0                                 cstackBANK0  00000
__HcstackBANK1                                 cstackBANK1  00000
__HcstackBANK2                                 cstackBANK2  00000
__HcstackCOMMON                                cstackCOMMON 00000
__HdataBANK2                                   dataBANK2    00000
__HdataBIGRAM                                  dataBIGRAM   00000
__Heeprom_data                                 eeprom_data  00000
__Hend_init                                    end_init     0002A
__Hfunctab                                     functab      00000
__HidataBANK2                                  idataBANK2   00000
__HidataBIGRAM                                 idataBIGRAM  00000
__Hinit                                        init         00028
__Hinittext                                    inittext     00000
__Hintentry                                    intentry     00028
__Hmaintext                                    maintext     00000
__HnvBANK2                                     nvBANK2      00000
__Hpowerup                                     powerup      00000
__Hram                                         ram          00000
__Hreset_vec                                   reset_vec    00002
__Hsfr0                                        sfr0         00000
__Hsfr1                                        sfr1         00000
__Hsfr10                                       sfr10        00000
__Hsfr11                                       sfr11        00000
__Hsfr12                                       sfr12        00000
__Hsfr13                                       sfr13        00000
__Hsfr14                                       sfr14        00000
__Hsfr15                                       sfr15        00000
__Hsfr16                                       sfr16        00000
__Hsfr17                                       sfr17        00000
__Hsfr18                                       sfr18        00000
__Hsfr19                                       sfr19        00000
__Hsfr2                                        sfr2         00000
__Hsfr20                                       sfr20        00000
__Hsfr21                                       sfr21        00000
__Hsfr22                                       sfr22        00000
__Hsfr23                                       sfr23        00000
__Hsfr24                                       sfr24        00000
__Hsfr25                                       sfr25        00000
__Hsfr26                                       sfr26        00000
__Hsfr27                                       sfr27        00000
__Hsfr28                                       sfr28        00000
__Hsfr29                                       sfr29        00000
__Hsfr3                                        sfr3         00000
__Hsfr30                                       sfr30        00000
__Hsfr31                                       sfr31        00000
__Hsfr4                                        sfr4         00000
__Hsfr5                                        sfr5         00000
__Hsfr6                                        sfr6         00000
__Hsfr7                                        sfr7         00000
__Hsfr8                                        sfr8         00000
__Hsfr9                                        sfr9         00000
__Hspace_0                                     (abs)        0282B
__Hspace_1                                     (abs)        001D2
__Hspace_2                                     (abs)        00000
__Hspace_3                                     (abs)        00000
__Hspace_4                                     (abs)        10012
[...]
      Params:         2       0       0       0       0       0       0       0       0       0       0       0       0       0       0       0       0       0       0       0       0       0       0       0       0       0       0
      Locals:         0       0       0       0       0       0       0       0       0       0       0       0       0       0       0       0       0       0       0       0       0       0       0       0       0       0       0
      Temps:          0       0       0       0       0       0       0       0       0       0       0       0       0       0       0       0       0       0       0       0       0       0       0       0       0       0       0
      Totals:         2       0       0       0       0       0       0       0       0       0       0       0       0       0       0       0       0       0       0       0       0       0       0       0       0       0       0
Total ram usage:        2 bytes
 Hardware stack levels used:    1
 This function calls:
		Nothing
 This function is called by:
		_TMR1_ISR
		_TMR1_Reload
 This function uses a non-reentrant model


 *************** function _TMR1_DefaultInterruptHandler *****************
 Defined at:
		line 175 in file "mcc_generated_files/tmr1.c"
 Parameters:    Size  Location     Type
		None
 Auto vars:     Size  Location     Type
		None
 Return value:  Size  Location     Type
                  1    wreg      void 
 Registers used:
		None
 Tracked objects:
		On entry : 
		On exit  : 
		Unchanged: 
 Data sizes:     COMMON   BANK0   BANK1   BANK2   BANK3   BANK4   BANK5   BANK6   BANK7   BANK8   BANK9  BANK10  BANK11  BANK12  BANK13  BANK14  BANK15  BANK16  BANK17  BANK18  BANK19  BANK20  BANK21  BANK22  BANK23  BANK24  BANK25
      Params:         0       0       0       0       0       0       0       0       0       0       0       0       0       0       0       0       0       0       0       0       0       0       0       0       0       0       0
      Locals:         0       0       0       0       0       0       0       0       0       0       0       0       0       0       0       0       0       0       0       0       0       0       0       0       0       0       0
      Temps:          0       0       0       0       0       0       0       0       0       0       0       0       0       0       0       0       0       0       0       0       0       0       0       0       0       0       0
      Totals:         0       0       0       0       0       0       0       0       0       0       0       0       0       0       0       0       0       0       0       0       0       0       0       0       0       0       0
Total ram usage:        0 bytes
 Hardware stack levels used:    1
 This function calls:
		Nothing
 This function is called by:
		_TMR1_Initialize
		_TMR1_ISR
 This function uses a non-reentrant model


 *************** function _TMR0_ISR *****************
 Defined at:
		line 121 in file "mcc_generated_files/tmr0.c"
 Parameters:    Size  Location     Type
		None
 Auto vars:     Size  Location     Type
		None
 Return value:  Size  Location     Type
                  1    wreg      void 
 Registers used:
		wreg, status,2, status,0, pclath, cstack
 Tracked objects:
		On entry : 
		On exit  : 
		Unchanged: 
 Data sizes:     COMMON   BANK0   BANK1   BANK2   BANK3   BANK4   BANK5   BANK6   BANK7   BANK8   BANK9  BANK10  BANK11  BANK12  BANK13  BANK14  BANK15  BANK16  BANK17  BANK18  BANK19  BANK20  BANK21  BANK22  BANK23  BANK24  BANK25
      Params:         0       0       0       0       0       0       0       0       0       0       0       0       0       0       0       0       0       0       0       0       0       0       0       0       0       0       0
      Locals:         0       0       0       0       0       0       0       0       0       0       0       0       0       0       0       0       0       0       0       0       0       0       0       0       0       0       0
      Temps:          0       0       0       0       0       0       0       0       0       0       0       0       0       0       0       0       0       0       0       0       0       0       0       0       0       0       0
      Totals:         0       0       0       0       0       0       0       0       0       0       0       0       0       0       0       0       0       0       0       0       0       0       0       0       0       0       0
Total ram usage:        0 bytes
 Hardware stack levels used:    1
 Hardware stack levels required when called:    1
 This function calls:
		Absolute function
		_TMR0_DefaultInterruptHandler
		_intTim0
 This function is called by:
		_INTERRUPT_InterruptManager
 This function uses a non-reentrant model


 *************** function _TMR0_DefaultInterruptHandler *****************
 Defined at:
		line 138 in file "mcc_generated_files/tmr0.c"
 Parameters:    Size  Location     Type
		None
 Auto vars:     Size  Location     Type
		None
 Return value:  Size  Location     Type
                  1    wreg      void 
 Registers used:
		None
 Tracked objects:
		On entry : 
		On exit  : 
		Unchanged: 
 Data sizes:     COMMON   BANK0   BANK1   BANK2   BANK3   BANK4   BANK5   BANK6   BANK7   BANK8   BANK9  BANK10  BANK11  BANK12  BANK13  BANK14  BANK15  BANK16  BANK17  BANK18  BANK19  BANK20  BANK21  BANK22  BANK23  BANK24  BANK25
      Params:         0       0       0       0       0       0       0       0       0       0       0       0       0       0       0       0       0       0       0       0       0       0       0       0       0       0       0
      Locals:         0       0       0       0       0       0       0       0       0       0       0       0       0       0       0       0       0       0       0       0       0       0       0       0       0       0       0
      Temps:          0       0       0       0       0       0       0       0       0       0       0       0       0       0       0       0       0       0       0       0       0       0       0       0       0       0       0
      Totals:         0       0       0       0       0       0       0       0       0       0       0       0       0       0       0       0       0       0       0       0       0       0       0       0       0       0       0
Total ram usage:        0 bytes
 Hardware stack levels used:    1
 This function calls:
		Nothing
 This function is called by:
		_TMR0_Initialize
		_TMR0_ISR
 This function uses a non-reentrant model


 *************** function _intTim0 *****************
 Defined at:
		line 58 in file "main.c"
 Parameters:    Size  Location     Type
		None
 Auto vars:     Size  Location     Type
		None
 Return value:  Size  Location     Type
                  1    wreg      void 
 Registers used:
		wreg
 Tracked objects:
		On entry : 
		On exit  : 
		Unchanged: 
 Data sizes:     COMMON   BANK0   BANK1   BANK2   BANK3   BANK4   BANK5   BANK6   BANK7   BANK8   BANK9  BANK10  BANK11  BANK12  BANK13  BANK14  BANK15  BANK16  BANK17  BANK18  BANK19  BANK20  BANK21  BANK22  BANK23  BANK24  BANK25
      Params:         0       0       0       0       0       0       0       0       0       0       0       0       0       0       0       0       0       0       0       0       0       0       0       0       0       0       0
      Locals:         0       0       0       0       0       0       0       0       0       0       0       0       0       0       0       0       0       0       0       0       0       0       0       0       0       0       0
      Temps:          0       0       0       0       0       0       0       0       0       0       0       0       0       0       0       0       0       0       0       0       0       0       0       0       0       0       0
      Totals:         0       0       0       0       0       0       0       0       0       0       0       0       0       0       0       0       0       0       0       0       0       0       0       0       0       0       0
Total ram usage:        0 bytes
 Hardware stack levels used:    1
 This function calls:
		Nothing
 This function is called by:
		_main
		_TMR0_ISR
 This function uses a non-reentrant model



MODULE INFORMATION

Module		Function		Class		Link	Load	Size
/opt/microchip/xc8/v2.31/pic/sources/c99/common/doprnt.c
		_vfpfcnvrt     		CODE           	063C	0000	276
		_pad           		CODE           	14C4	0000	88
		_dtoa          		CODE           	0394	0000	363
		_vfprintf      		CODE           	1310	0000	59
		_stoa          		CODE           	0A7C	0000	211

/opt/microchip/xc8/v2.31/pic/sources/c99/common/doprnt.c estimated size: 997

mcc_generated_files/examples/i2c1_master_example.c
		_wr1RegCompleteHandler		CODE           	1E06	0000	23
		_wr2RegCompleteHandler		CODE           	1DC1	0000	23
		_I2C1_ReadDataBlock		CODE           	134B	0000	62
		_I2C1_Write1ByteRegister		CODE           	126A	0000	54
		_rdBlkRegCompleteHandler		CODE           	1EA1	0000	28
		_rd1RegCompleteHandler		CODE           	1DD8	0000	23
		_rd2RegCompleteHandler		CODE           	1DEF	0000	23

mcc_generated_files/examples/i2c1_master_example.c estimated size: 236

MPU6050.c
		_getAcceleration		CODE           	1D44	0000	19
		_autoConfigLowEnergy		CODE           	1E6A	0000	27
		_initialize    		CODE           	1F35	0000	32

MPU6050.c estimated size: 78

mcc_generated_files/fvr.c
		_FVR_Initialize		CODE           	276A	0000	4

mcc_generated_files/fvr.c estimated size: 4

/opt/microchip/xc8/v2.31/pic/sources/c99/common/strspn.c
		_strspn        		CODE           	1236	0000	52

/opt/microchip/xc8/v2.31/pic/sources/c99/common/strspn.c estimated size: 52

mcc_generated_files/i2c1_master.c
		_I2C1_DO_SEND_RESTART		CODE           	278A	0000	5
		_I2C1_DO_TX_EMPTY		CODE           	119E	0000	50
		_I2C1_DO_SEND_RESTART_READ		CODE           	2780	0000	5
		_I2C1_CallbackReturnStop		CODE           	0800	0000	2
		_I2C1_DO_RX    		CODE           	13CD	0000	77
		_I2C1_DO_TX    		CODE           	1633	0000	96
		_I2C1_SetAddressNackCallback		CODE           	1CA1	0000	14
		_I2C1_DO_IDLE  		CODE           	277B	0000	5
		_I2C1_MasterOpen		CODE           	1C79	0000	13
		_I2C1_DO_RCEN  		CODE           	27E2	0000	7
		_I2C1_MasterSendTxData		CODE           	2776	0000	5
		_I2C1_MasterStop		CODE           	275E	0000	3
		_I2C1_CallbackReturnReset		CODE           	0002	0000	2
		_I2C1_DO_RESET 		CODE           	27A3	0000	5
		_I2C1_MasterStartRx		CODE           	2761	0000	3
		_I2C1_Poller   		CODE           	1C6C	0000	13
		_I2C1_DO_RX_ACK		CODE           	2794	0000	5
		_I2C1_MasterWaitForEvent		CODE           	27D6	0000	6
		_I2C1_MasterSendNack		CODE           	2772	0000	4
		_I2C1_DO_RX_NACK_RESTART		CODE           	279E	0000	5
		_I2C1_MasterDisableIrq		CODE           	2755	0000	3
		_I2C1_MasterOperation		CODE           	1FB9	0000	35
		_I2C1_SetCallback		CODE           	108D	0000	42
		_I2C1_MasterEnableRestart		CODE           	275B	0000	3
		_I2C1_Open     		CODE           	12D6	0000	58
		_I2C1_DO_ADDRESS_NACK		CODE           	116D	0000	49
		_I2C1_SetBuffer		CODE           	1CBE	0000	15
		_I2C1_DO_SEND_RESTART_WRITE		CODE           	2785	0000	5
		_I2C1_MasterClose		CODE           	2752	0000	3
		_I2C1_MasterWrite		CODE           	27A8	0000	5
		_I2C1_Initialize		CODE           	1C25	0000	9
		_I2C1_Close    		CODE           	1E85	0000	28
		_I2C1_MasterIsNack		CODE           	27D0	0000	6
		_I2C1_MasterStart		CODE           	2758	0000	3
		_I2C1_DO_SEND_ADR_WRITE		CODE           	27F8	0000	8
		_I2C1_MasterClearIrq		CODE           	274F	0000	3
		_I2C1_SetDataCompleteCallback		CODE           	1C93	0000	14
		_I2C1_DO_SEND_STOP		CODE           	278F	0000	5
		_I2C1_MasterSendAck		CODE           	1C18	0000	4
		_I2C1_MasterFsm		CODE           	10E1	0000	46
		_I2C1_MasterGetRxData		CODE           	2764	0000	3
		_I2C1_MasterSetIrq		CODE           	2767	0000	3
		_I2C1_DO_SEND_ADR_READ		CODE           	1C37	0000	9
		_I2C1_DO_RX_NACK_STOP		CODE           	2799	0000	5

mcc_generated_files/i2c1_master.c estimated size: 689

/opt/microchip/xc8/v2.31/pic/sources/c99/common/abs.c
		_abs           		CODE           	1E35	0000	26

/opt/microchip/xc8/v2.31/pic/sources/c99/common/abs.c estimated size: 26

mcc_generated_files/interrupt_manager.c
		_INTERRUPT_InterruptManager		CODE           	0004	0000	36

mcc_generated_files/interrupt_manager.c estimated size: 36

/opt/microchip/xc8/v2.31/pic/sources/c99/common/atoi.c
		_atoi          		CODE           	0750	0000	175

/opt/microchip/xc8/v2.31/pic/sources/c99/common/atoi.c estimated size: 175

/opt/microchip/xc8/v2.31/pic/sources/c99/common/nf_fputc.c
		_fputc         		CODE           	15D5	0000	94

/opt/microchip/xc8/v2.31/pic/sources/c99/common/nf_fputc.c estimated size: 94

mcc_generated_files/tmr0.c
		_TMR0_SetInterruptHandler		CODE           	27C4	0000	6
		_TMR0_DefaultInterruptHandler		CODE           	274B	0000	1
		_TMR0_StartTimer		CODE           	274C	0000	3
		_TMR0_ISR      		CODE           	1CAF	0000	15
		_TMR0_Initialize		CODE           	1D57	0000	20

mcc_generated_files/tmr0.c estimated size: 45

/opt/microchip/xc8/v2.31/pic/sources/c99/common/strcspn.c
		_strcspn       		CODE           	1202	0000	52

/opt/microchip/xc8/v2.31/pic/sources/c99/common/strcspn.c estimated size: 52

mcc_generated_files/pin_manager.c
		_PIN_MANAGER_Initialize		CODE           	110F	0000	47

mcc_generated_files/pin_manager.c estimated size: 47

/opt/microchip/xc8/v2.31/pic/sources/c99/common/isdigit.c
		_isdigit       		CODE           	1E1D	0000	24

/opt/microchip/xc8/v2.31/pic/sources/c99/common/isdigit.c estimated size: 24

/opt/microchip/xc8/v2.31/pic/sources/c99/common/strstr.c
		_strstr        		CODE           	146E	0000	86

/opt/microchip/xc8/v2.31/pic/sources/c99/common/strstr.c estimated size: 86

/opt/microchip/xc8/v2.31/pic/sources/c99/common/Umul16.c
		___wmul        		CODE           	1F16	0000	31

/opt/microchip/xc8/v2.31/pic/sources/c99/common/Umul16.c estimated size: 31

gsm.c
		_despierta     		CODE           	1C86	0000	13
		_writeLineaGSM 		CODE           	10B7	0000	42
		_uart_gsm      		CODE           	1D94	0000	22
		_exeuno        		CODE           	0B4F	0000	220
		_duerme        		CODE           	1CFD	0000	17
		_getbat        		CODE           	16F6	0000	101
		_exesec        		CODE           	113E	0000	47
		_waitIni       		CODE           	1389	0000	68
		_recLineaGSM   		CODE           	0862	0000	173
		_startudp      		CODE           	1019	0000	37
		_stopudp       		CODE           	1D0E	0000	17
		_gsmon         		CODE           	151C	0000	92
		_sendmsg       		CODE           	175B	0000	165

gsm.c estimated size: 1014

mcc_generated_files/adc.c
		_ADC_Initialize		CODE           	1C1C	0000	9

mcc_generated_files/adc.c estimated size: 9

/opt/microchip/xc8/v2.31/pic/sources/c99/common/aomod.c
		___aomod       		CODE           	0D0C	0000	234

/opt/microchip/xc8/v2.31/pic/sources/c99/common/aomod.c estimated size: 234

/opt/microchip/xc8/v2.31/pic/sources/c99/common/nf_sprintf.c
		_sprintf       		CODE           	11D0	0000	50

/opt/microchip/xc8/v2.31/pic/sources/c99/common/nf_sprintf.c estimated size: 50

gps.c
		_anaGPS        		CODE           	0073	0000	408
		_uart_gps      		CODE           	1D1F	0000	18
		_gpsRead       		CODE           	0C2B	0000	225
		_min2grado     		CODE           	090F	0000	180
		_recLineaGPS   		CODE           	09C3	0000	185
		_gpscero       		CODE           	1FDC	0000	36

gps.c estimated size: 1052

/opt/microchip/xc8/v2.31/pic/sources/c99/common/strtok.c
		_strtok        		CODE           	1693	0000	99

/opt/microchip/xc8/v2.31/pic/sources/c99/common/strtok.c estimated size: 99

/opt/microchip/xc8/v2.31/pic/sources/c99/common/printf.c
		_printf        		CODE           	1EBD	0000	28

/opt/microchip/xc8/v2.31/pic/sources/c99/common/printf.c estimated size: 28

/opt/microchip/xc8/v2.31/pic/sources/c99/common/awmod.c
		___awmod       		CODE           	141A	0000	84

/opt/microchip/xc8/v2.31/pic/sources/c99/common/awmod.c estimated size: 84

shared
		_dormir        		STRCODE        	1A8F	0000	131
		_cabgps        		STRCODE        	2807	0000	7
		_udpshut       		STRCODE        	1906	0000	131
		_cabglp        		STRCODE        	0000	0000	0
		_terminador    		STRCODE        	282A	0000	1
		_satall        		STRCODE        	0000	0000	0
		_gpsglp        		STRCODE        	0000	0000	0
		__initialization		CODE           	002A	0000	69
		_midebat       		STRCODE        	1989	0000	131
		_closeudp      		STRCODE        	0000	0000	0
		_cabmtk        		STRCODE        	0000	0000	0
		_noeco         		STRCODE        	1A0C	0000	131
		_initudp       		STRCODE        	020B	0000	393
		_i2c1_fsmStateTable		STRCODE        	2000	0000	32
		_rssi          		STRCODE        	0000	0000	0
		_envimensa     		STRCODE        	1B12	0000	131
		_inicio        		STRCODE        	1B95	0000	131

shared estimated size: 1288

/opt/microchip/xc8/v2.31/pic/sources/c99/common/Umul32.c
		___lmul        		CODE           	12A0	0000	54

/opt/microchip/xc8/v2.31/pic/sources/c99/common/Umul32.c estimated size: 54

mcc_generated_files/mcc.c
		_WDT_Initialize		CODE           	276E	0000	4
		_PMD_Initialize		CODE           	27F0	0000	8
		_OSCILLATOR_Initialize		CODE           	1C2E	0000	9
		_SYSTEM_Initialize		CODE           	1EF7	0000	31

mcc_generated_files/mcc.c estimated size: 52

mcc_generated_files/tmr1.c
		_TMR1_Initialize		CODE           	1E4F	0000	27
		_TMR1_SetInterruptHandler		CODE           	27CA	0000	6
		_TMR1_DefaultInterruptHandler		CODE           	07FF	0000	1
		_TMR1_WriteTimer		CODE           	1CEC	0000	17
		_TMR1_ISR      		CODE           	1DAA	0000	23

mcc_generated_files/tmr1.c estimated size: 74

mcc_generated_files/delay.c
		_DELAY_milliseconds		CODE           	1D7F	0000	21
		_DELAY_microseconds		CODE           	1F55	0000	33

mcc_generated_files/delay.c estimated size: 54

/opt/microchip/xc8/v2.31/pic/sources/c99/common/aodiv.c
		___aodiv       		CODE           	0DF6	0000	260

/opt/microchip/xc8/v2.31/pic/sources/c99/common/aodiv.c estimated size: 260

/opt/microchip/xc8/v2.31/pic/sources/c99/common/nf_fputs.c
		_fputs         		CODE           	1064	0000	41

/opt/microchip/xc8/v2.31/pic/sources/c99/common/nf_fputs.c estimated size: 41

/opt/microchip/xc8/v2.31/pic/sources/c99/common/strlen.c
		_strlen        		CODE           	1000	0000	25

/opt/microchip/xc8/v2.31/pic/sources/c99/common/strlen.c estimated size: 25

mcc_generated_files/eusart.c
		_putch         		CODE           	27DC	0000	6
		_EUSART_Read   		CODE           	1CDC	0000	16
		_EUSART_Write  		CODE           	1C4A	0000	10
		_EUSART_Initialize		CODE           	1F97	0000	34
		_EUSART_SetFramingErrorHandler		CODE           	27B8	0000	6
		_EUSART_SetErrorHandler		CODE           	27B2	0000	6
		_EUSART_SetOverrunErrorHandler		CODE           	27BE	0000	6
		_EUSART_is_rx_ready		CODE           	27AD	0000	5
		_EUSART_is_tx_ready		CODE           	1CCD	0000	15

mcc_generated_files/eusart.c estimated size: 104

/opt/microchip/xc8/v2.31/pic/sources/c99/common/isspace.c
		_isspace       		CODE           	1F76	0000	33

/opt/microchip/xc8/v2.31/pic/sources/c99/common/isspace.c estimated size: 33

/opt/microchip/xc8/v2.31/pic/sources/c99/common/strchr.c
		_strchr        		CODE           	1ED9	0000	30

/opt/microchip/xc8/v2.31/pic/sources/c99/common/strchr.c estimated size: 30

main.c
		_main          		CODE           	04FF	0000	317
		_intTim0       		CODE           	1C40	0000	10
		_swapshort     		CODE           	103E	0000	38
		_tics          		CODE           	1D6B	0000	20
		_uart_traza    		CODE           	1D31	0000	19

main.c estimated size: 404

/opt/microchip/xc8/v2.31/pic/sources/c99/common/awdiv.c
		___awdiv       		CODE           	0802	0000	96

/opt/microchip/xc8/v2.31/pic/sources/c99/common/awdiv.c estimated size: 96

/opt/microchip/xc8/v2.31/pic/sources/c99/common/strncmp.c
		_strncmp       		CODE           	1578	0000	93

/opt/microchip/xc8/v2.31/pic/sources/c99/common/strncmp.c estimated size: 93

